Flutter crash report.
Please report a bug at https://github.com/flutter/flutter/issues.

## command

flutter analyze

## exception

_Exception: Exception: analysis server exited with code -1073740791 and output:
[stderr] ../../runtime/vm/heap/pages.cc: 1533: error: Out of memory.
[stderr] version=3.9.2 (stable) (Wed Aug 27 03:49:40 2025 -0700) on "windows_x64"
[stderr] pid=29220, thread=30392, isolate_group=main(0000019EB5997A70), isolate=main(0000019EB59DD210)
[stderr] os=windows, arch=x64, comp=no, sim=no
[stderr] isolate_instructions=19eb4100000, vm_instructions=7ff665ef9b00
[stderr] fp=98aa4fe840, sp=98aa4fe7f8, pc=7ff6661aca93
[stderr]   pc 0x00007ff6661aca93 fp 0x00000098aa4fe840 Dart_DetectNullSafety+0x2aaa23
[stderr] -- End of DumpStackTrace

```
```

## flutter doctor

```
[✓] Flutter (Channel stable, 3.35.7, on Microsoft Windows [Version 10.0.22631.6199], locale en-US) [613ms]
    • Flutter version 3.35.7 on channel stable at C:\src\flutter
    • Upstream repository https://github.com/flutter/flutter.git
    • Framework revision adc9010625 (10 months ago), 2025-10-21 14:16:03 -0400
    • Engine revision 035316565a
    • Dart version 3.9.2
    • DevTools version 2.48.0
    • Feature flags: enable-web, enable-linux-desktop, enable-macos-desktop, enable-windows-desktop, enable-android, enable-ios, cli-animations, enable-lldb-debugging

[✓] Windows Version (11 Pro 64-bit, 23H2, 2009) [6.1s]

[!] Android toolchain - develop for Android devices (Android SDK version 35.0.1) [5.8s]
    • Android SDK at C:\src\Sdk
    • Emulator version 35.3.12.0 (build_id 12990079) (CL:N/A)
    • Platform android-36, build-tools 35.0.1
    • Java binary at: C:\Program Files\Android\Android Studio\jbr\bin\java
      This is the JDK bundled with the latest Android Studio installation on this machine.
      To manually set the JDK path, use: `flutter config --jdk-dir="path/to/jdk"`.
    ✗ Could not determine java version
    ! Some Android licenses not accepted. To resolve this, run: flutter doctor --android-licenses

[✓] Chrome - develop for the web [358ms]
    • Chrome at C:\Program Files\Google\Chrome\Application\chrome.exe

[!] Visual Studio - develop Windows apps (Visual Studio Enterprise 2026 18.0.0) [357ms]
    • Visual Studio at C:\Program Files\Microsoft Visual Studio\18\Enterprise
    • Visual Studio Enterprise 2026 version 18.0.11205.157
    • Windows 10 SDK version 10.0.22000.0
    ✗ Visual Studio is missing necessary components. Please re-run the Visual Studio installer for the "Desktop development with C++" workload, and include these components:
        MSVC v142 - VS 2019 C++ x64/x86 build tools
         - If there are multiple build tool versions available, install the latest
        C++ CMake tools for Windows
        Windows 10 SDK

[✓] Android Studio (version 2023.1) [7ms]
    • Android Studio at C:\Program Files\Android\Android Studio
    • Flutter plugin can be installed from:
      🔨 https://plugins.jetbrains.com/plugin/9212-flutter
    • Dart plugin can be installed from:
      🔨 https://plugins.jetbrains.com/plugin/6351-dart
    • Java version OpenJDK Runtime Environment (build 17.0.7+0-b2043.56-10550314)

[✓] VS Code, 64-bit edition (version unknown) [5ms]
    • VS Code at C:\Program Files\Microsoft VS Code
    • Flutter extension version 3.140.0
    ✗ Unable to determine VS Code version.

[✓] Connected device (4 available) [465ms]
    • sdk gphone64 x86 64 (mobile) • emulator-5554 • android-x64    • Android 15 (API 35) (emulator)
    • Windows (desktop)            • windows       • windows-x64    • Microsoft Windows [Version 10.0.22631.6199]
    • Chrome (web)                 • chrome        • web-javascript • Google Chrome 152.0.7977.64
    • Edge (web)                   • edge          • web-javascript • Microsoft Edge 151.0.4129.101
    ! Device R5CT10BJC7E is not authorized.
      You might need to check your device for an authorization dialog.

[✓] Network resources [3.6s]
    • All expected network resources are available.

! Doctor found issues in 2 categories.
```
